// Jest Snapshot v1, https://goo.gl/fbAQLP

exports[`KiwiStack 1`] = `
{
  "Outputs": {
    "CloudFrontLogsDatabaseName": {
      "Value": {
        "Ref": "GlueDatabase24880C74",
      },
    },
    "CloudFrontLogsTableName": {
      "Value": {
        "Ref": "CloudFrontLogsTable7B7D3D61",
      },
    },
    "DistributionDomainName": {
      "Value": {
        "Fn::GetAtt": [
          "Distribution830FAC52",
          "DomainName",
        ],
      },
    },
  },
  "Parameters": {
    "BootstrapVersion": {
      "Default": "/cdk-bootstrap/hnb659fds/version",
      "Description": "Version of the CDK Bootstrap resources in this environment, automatically retrieved from SSM Parameter Store. [cdk:skip]",
      "Type": "AWS::SSM::Parameter::Value<String>",
    },
  },
  "Resources": {
    "CloudFrontLogs13CB081E": {
      "DeletionPolicy": "Delete",
      "Properties": {
        "OwnershipControls": {
          "Rules": [
            {
              "ObjectOwnership": "BucketOwnerPreferred",
            },
          ],
        },
        "Tags": [
          {
            "Key": "aws-cdk:auto-delete-objects",
            "Value": "true",
          },
        ],
      },
      "Type": "AWS::S3::Bucket",
      "UpdateReplacePolicy": "Delete",
    },
    "CloudFrontLogsAutoDeleteObjectsCustomResource1A86C2D9": {
      "DeletionPolicy": "Delete",
      "DependsOn": [
        "CloudFrontLogsPolicy7447C3A8",
      ],
      "Properties": {
        "BucketName": {
          "Ref": "CloudFrontLogs13CB081E",
        },
        "ServiceToken": {
          "Fn::GetAtt": [
            "CustomS3AutoDeleteObjectsCustomResourceProviderHandler9D90184F",
            "Arn",
          ],
        },
      },
      "Type": "Custom::S3AutoDeleteObjects",
      "UpdateReplacePolicy": "Delete",
    },
    "CloudFrontLogsPolicy7447C3A8": {
      "Properties": {
        "Bucket": {
          "Ref": "CloudFrontLogs13CB081E",
        },
        "PolicyDocument": {
          "Statement": [
            {
              "Action": [
                "s3:PutBucketPolicy",
                "s3:GetBucket*",
                "s3:List*",
                "s3:DeleteObject*",
              ],
              "Effect": "Allow",
              "Principal": {
                "AWS": {
                  "Fn::GetAtt": [
                    "CustomS3AutoDeleteObjectsCustomResourceProviderRole3B1BD092",
                    "Arn",
                  ],
                },
              },
              "Resource": [
                {
                  "Fn::GetAtt": [
                    "CloudFrontLogs13CB081E",
                    "Arn",
                  ],
                },
                {
                  "Fn::Join": [
                    "",
                    [
                      {
                        "Fn::GetAtt": [
                          "CloudFrontLogs13CB081E",
                          "Arn",
                        ],
                      },
                      "/*",
                    ],
                  ],
                },
              ],
            },
          ],
          "Version": "2012-10-17",
        },
      },
      "Type": "AWS::S3::BucketPolicy",
    },
    "CloudFrontLogsTable7B7D3D61": {
      "Properties": {
        "CatalogId": {
          "Ref": "AWS::AccountId",
        },
        "DatabaseName": {
          "Ref": "GlueDatabase24880C74",
        },
        "TableInput": {
          "Description": "Test-cloudfrontlogstable generated by CDK",
          "Name": "Test-cloudfrontlogstable",
          "Parameters": {
            "field.delim": "	",
            "has_encrypted_data": true,
            "serialization.format": "	",
            "skip.header.line.count": "2",
          },
          "StorageDescriptor": {
            "Columns": [
              {
                "Name": "date",
                "Type": "date",
              },
              {
                "Name": "time",
                "Type": "string",
              },
              {
                "Name": "x_edge_location",
                "Type": "string",
              },
              {
                "Name": "sc_bytes",
                "Type": "bigint",
              },
              {
                "Name": "c_ip",
                "Type": "string",
              },
              {
                "Name": "cs_method",
                "Type": "string",
              },
              {
                "Name": "cs_host",
                "Type": "string",
              },
              {
                "Name": "cs_uri_stem",
                "Type": "string",
              },
              {
                "Name": "sc_status",
                "Type": "int",
              },
              {
                "Name": "cs_referrer",
                "Type": "string",
              },
              {
                "Name": "cs_user_agent",
                "Type": "string",
              },
              {
                "Name": "cs_uri_query",
                "Type": "string",
              },
              {
                "Name": "cs_cookie",
                "Type": "string",
              },
              {
                "Name": "x_edge_result_type",
                "Type": "string",
              },
              {
                "Name": "x_edge_request_id",
                "Type": "string",
              },
              {
                "Name": "x_host_header",
                "Type": "string",
              },
              {
                "Name": "cs_protocol",
                "Type": "string",
              },
              {
                "Name": "cs_bytes",
                "Type": "bigint",
              },
              {
                "Name": "time_taken",
                "Type": "float",
              },
              {
                "Name": "x_forwarded_for",
                "Type": "string",
              },
              {
                "Name": "ssl_protocol",
                "Type": "string",
              },
              {
                "Name": "ssl_cipher",
                "Type": "string",
              },
              {
                "Name": "x_edge_response_result_type",
                "Type": "string",
              },
              {
                "Name": "cs_protocol_version",
                "Type": "string",
              },
              {
                "Name": "fle_status",
                "Type": "string",
              },
              {
                "Name": "fle_encrypted_fields",
                "Type": "int",
              },
              {
                "Name": "c_port",
                "Type": "int",
              },
              {
                "Name": "time_to_first_byte",
                "Type": "float",
              },
              {
                "Name": "x_edge_detailed_result_type",
                "Type": "string",
              },
              {
                "Name": "sc_content_type",
                "Type": "string",
              },
              {
                "Name": "sc_content_len",
                "Type": "bigint",
              },
              {
                "Name": "sc_range_start",
                "Type": "bigint",
              },
              {
                "Name": "sc_range_end",
                "Type": "bigint",
              },
            ],
            "Compressed": false,
            "InputFormat": "org.apache.hadoop.mapred.TextInputFormat",
            "Location": {
              "Fn::Join": [
                "",
                [
                  "s3://",
                  {
                    "Ref": "CloudFrontLogs13CB081E",
                  },
                  "/",
                ],
              ],
            },
            "OutputFormat": "org.apache.hadoop.hive.ql.io.HiveIgnoreKeyTextOutputFormat",
            "SerdeInfo": {
              "SerializationLibrary": "org.apache.hadoop.hive.serde2.lazy.LazySimpleSerDe",
            },
            "StoredAsSubDirectories": false,
          },
          "TableType": "EXTERNAL_TABLE",
        },
      },
      "Type": "AWS::Glue::Table",
    },
    "CustomS3AutoDeleteObjectsCustomResourceProviderHandler9D90184F": {
      "DependsOn": [
        "CustomS3AutoDeleteObjectsCustomResourceProviderRole3B1BD092",
      ],
      "Properties": {
        "Code": {
          "S3Bucket": {
            "Fn::Sub": "cdk-hnb659fds-assets-\${AWS::AccountId}-\${AWS::Region}",
          },
          "S3Key": "6c1e9b465fa4b2d651dbc9ce3e732d8702a7b19137327684a71d89f1d355f1a2.zip",
        },
        "Description": {
          "Fn::Join": [
            "",
            [
              "Lambda function for auto-deleting objects in ",
              {
                "Ref": "CloudFrontLogs13CB081E",
              },
              " S3 bucket.",
            ],
          ],
        },
        "Handler": "index.handler",
        "MemorySize": 128,
        "Role": {
          "Fn::GetAtt": [
            "CustomS3AutoDeleteObjectsCustomResourceProviderRole3B1BD092",
            "Arn",
          ],
        },
        "Runtime": "nodejs18.x",
        "Timeout": 900,
      },
      "Type": "AWS::Lambda::Function",
    },
    "CustomS3AutoDeleteObjectsCustomResourceProviderRole3B1BD092": {
      "Properties": {
        "AssumeRolePolicyDocument": {
          "Statement": [
            {
              "Action": "sts:AssumeRole",
              "Effect": "Allow",
              "Principal": {
                "Service": "lambda.amazonaws.com",
              },
            },
          ],
          "Version": "2012-10-17",
        },
        "ManagedPolicyArns": [
          {
            "Fn::Sub": "arn:\${AWS::Partition}:iam::aws:policy/service-role/AWSLambdaBasicExecutionRole",
          },
        ],
      },
      "Type": "AWS::IAM::Role",
    },
    "Distribution830FAC52": {
      "Properties": {
        "DistributionConfig": {
          "DefaultCacheBehavior": {
            "CachePolicyId": "658327ea-f89d-4fab-a63d-7e88639e58f6",
            "Compress": true,
            "TargetOriginId": "TestDistributionOrigin1552FC039",
            "ViewerProtocolPolicy": "allow-all",
          },
          "Enabled": true,
          "HttpVersion": "http2",
          "IPV6Enabled": true,
          "Logging": {
            "Bucket": {
              "Fn::GetAtt": [
                "CloudFrontLogs13CB081E",
                "RegionalDomainName",
              ],
            },
          },
          "Origins": [
            {
              "CustomOriginConfig": {
                "OriginProtocolPolicy": "https-only",
                "OriginSSLProtocols": [
                  "TLSv1.2",
                ],
              },
              "DomainName": "reqres.in",
              "Id": "TestDistributionOrigin1552FC039",
            },
          ],
        },
      },
      "Type": "AWS::CloudFront::Distribution",
    },
    "GlueDatabase24880C74": {
      "Properties": {
        "CatalogId": {
          "Ref": "AWS::AccountId",
        },
        "DatabaseInput": {
          "Name": "Test-database",
        },
      },
      "Type": "AWS::Glue::Database",
    },
  },
  "Rules": {
    "CheckBootstrapVersion": {
      "Assertions": [
        {
          "Assert": {
            "Fn::Not": [
              {
                "Fn::Contains": [
                  [
                    "1",
                    "2",
                    "3",
                    "4",
                    "5",
                  ],
                  {
                    "Ref": "BootstrapVersion",
                  },
                ],
              },
            ],
          },
          "AssertDescription": "CDK bootstrap stack version 6 required. Please run 'cdk bootstrap' with a recent version of the CDK CLI.",
        },
      ],
    },
  },
}
`;
